// Jest Snapshot v1, https://goo.gl/fbAQLP

exports[`Cancel button callback works 1`] = `"<!-- react-empty: 2 --><div><span class=\\"ms-font-l\\">I found some items in this conversation filed in other folders. Click on one of the folders listed here to automatically reunite this part of the conversation with the ones that came before:</span><br><div class=\\"ms-Viewport\\" style=\\"min-width: 1px; min-height: 1px;\\"></div></div><div class=\\"dialogButtons\\"><button class=\\"root_8dabd442 ms-Button ms-Button--default root_031e1f45 isEnabled_031e1f45\\" aria-labelledby=\\"6\\" aria-describedby=\\"8\\"><div class=\\"ms-Button-flexContainer flexContainer_8dabd442\\"><span class=\\"ms-Button-label label_031e1f45\\" id=\\"6\\">Cancel</span><span class=\\"screenReaderOnly_8dabd442\\" id=\\"8\\">Cancel the operation without moving any items.</span></div></button></div>"`;

exports[`Dummy data 1`] = `"<!-- react-empty: 2 --><div><span class=\\"ms-font-l\\">I found some items in this conversation filed in other folders. Click on one of the folders listed here to automatically reunite this part of the conversation with the ones that came before:</span><br><div class=\\"ms-Viewport\\" style=\\"min-width: 1px; min-height: 1px;\\"></div></div><div class=\\"dialogButtons\\"><button class=\\"root_8dabd442 ms-Button ms-Button--default root_031e1f45 isEnabled_031e1f45\\" aria-labelledby=\\"0\\" aria-describedby=\\"2\\"><div class=\\"ms-Button-flexContainer flexContainer_8dabd442\\"><span class=\\"ms-Button-label label_031e1f45\\" id=\\"0\\">Cancel</span><span class=\\"screenReaderOnly_8dabd442\\" id=\\"2\\">Cancel the operation without moving any items.</span></div></button></div>"`;

exports[`Folder selection callback works 1`] = `"<!-- react-empty: 2 --><div><span class=\\"ms-font-l\\">I found some items in this conversation filed in other folders. Click on one of the folders listed here to automatically reunite this part of the conversation with the ones that came before:</span><br><div class=\\"ms-Viewport\\" style=\\"min-width: 1px; min-height: 1px;\\"></div></div><div class=\\"dialogButtons\\"><button class=\\"root_8dabd442 ms-Button ms-Button--default root_031e1f45 isEnabled_031e1f45\\" aria-labelledby=\\"3\\" aria-describedby=\\"5\\"><div class=\\"ms-Button-flexContainer flexContainer_8dabd442\\"><span class=\\"ms-Button-label label_031e1f45\\" id=\\"3\\">Cancel</span><span class=\\"screenReaderOnly_8dabd442\\" id=\\"5\\">Cancel the operation without moving any items.</span></div></button></div>"`;
