// Jest Snapshot v1, https://goo.gl/fbAQLP

exports[`Feedback (static content) 1`] = `
<div
  className="feedback ms-font-s"
>
  <a
    href="https://beandotnet.azurewebsites.net/"
  >
    about this app
  </a>
  Â 
  <a
    href="mailto:wravery@hotmail.com?Subject=Conversation%20Filer%20v2.0%20App%20for%20Outlook"
  >
    send feedback
  </a>
</div>
`;
